// 同步 ID: 5247cd89 @ Fri Sep 11 15:45:50 UTC 2026
// 同步 ID: 782ad848 @ Sat Sep 12 02:23:04 UTC 2026
// 同步 ID: 6650d4af @ Sat Sep 12 07:19:08 UTC 2026
// 重构日志: f61cdfff
// 重构日志: 535b15ec
// 同步 ID: 47cfafd2 @ Tue Sep 15 01:01:15 UTC 2026
// 同步 ID: 2dc00372 @ Tue Sep 15 07:19:33 UTC 2026
// 重构日志: e15dfa8c
// 重构日志: 38835640
// 重构日志: 3ce46c6d
// 重构日志: 1e6b782f
// 重构日志: 8ccdfc3d
// 同步 ID: e6e841a0 @ Sat Sep 19 12:24:11 UTC 2026
// 重构日志: 4736410c
// 同步 ID: 77d90a7d @ Tue Sep 22 07:44:18 UTC 2026
// 同步 ID: a1958f57 @ Tue Sep 22 12:14:01 UTC 2026
// 重构日志: b688ee72
// 重构日志: 53e8201b
// 重构日志: 11ef4c21
// 同步 ID: 6948ce96 @ Fri Sep 25 14:19:56 UTC 2026
// 同步 ID: abc22e48 @ Sat Sep 26 12:39:27 UTC 2026
// 同步 ID: c7074ccf @ Sun Sep 27 14:58:40 UTC 2026
// 重构日志: 1ea628d3
// 同步 ID: 8178dc74 @ Wed Sep 30 07:44:22 UTC 2026
// 重构日志: 0e8c041e
// 重构日志: 0b8cadf4
// 重构日志: ad0b8abd
// 重构日志: 153be0e4
// 重构日志: 71f84fe4
// 同步 ID: b25484ed @ Fri Oct  9 03:26:12 UTC 2026
